# scuff-caspol running on (null) (04/29/20::20:04:10)
#
# command line:
#
# scuff-caspol  --PECPlate  --EPFile  EPFile  --Atom
#  Rb 
#
# data columns:
#1: X (um) 
#2: Y (um) 
#3: Z (um) 
#4: Casimir-polder potential for Rb (neV)
0.000000e+00 0.000000e+00 5.000000e-01 -1.644215e-02 
0.000000e+00 0.000000e+00 6.000000e-01 -8.097505e-03 
0.000000e+00 0.000000e+00 7.000000e-01 -4.431476e-03 
0.000000e+00 0.000000e+00 8.000000e-01 -2.622535e-03 
0.000000e+00 0.000000e+00 9.000000e-01 -1.648469e-03 
0.000000e+00 0.000000e+00 1.000000e+00 -1.087032e-03 
0.000000e+00 0.000000e+00 1.100000e+00 -7.453006e-04 
0.000000e+00 0.000000e+00 1.200000e+00 -5.277938e-04 
0.000000e+00 0.000000e+00 1.300000e+00 -3.840911e-04 
0.000000e+00 0.000000e+00 1.400000e+00 -2.860981e-04 
0.000000e+00 0.000000e+00 1.500000e+00 -2.174357e-04 
0.000000e+00 0.000000e+00 1.600000e+00 -1.681775e-04 
0.000000e+00 0.000000e+00 1.700000e+00 -1.321031e-04 
0.000000e+00 0.000000e+00 1.800000e+00 -1.051979e-04 
0.000000e+00 0.000000e+00 1.900000e+00 -8.480333e-05 
0.000000e+00 0.000000e+00 2.000000e+00 -6.911789e-05 
0.000000e+00 0.000000e+00 2.100000e+00 -5.689548e-05 
0.000000e+00 0.000000e+00 2.200000e+00 -4.725817e-05 
0.000000e+00 0.000000e+00 2.300000e+00 -3.957695e-05 
0.000000e+00 0.000000e+00 2.400000e+00 -3.339429e-05 
0.000000e+00 0.000000e+00 2.500000e+00 -2.837278e-05 
0.000000e+00 0.000000e+00 2.600000e+00 -2.426034e-05 
0.000000e+00 0.000000e+00 2.700000e+00 -2.086651e-05 
0.000000e+00 0.000000e+00 2.800000e+00 -1.804577e-05 
0.000000e+00 0.000000e+00 2.900000e+00 -1.568584e-05 
