@Xi=1.000000e+00, Alphas[0][0,0] = 3.138374e+02
@Xi=1.000000e-06, Alphas[0][0,0] = 3.186000e+02
@Xi=5.828427e+00, Alphas[0][0,0] = 2.115060e+02
Frequency-resolved data written to file PECPlate_L0P1_176.byXi.
Thank you for your support.
