# scuff-caspol running on (null) (05/08/20::21:13:53)
#
# command line:
#
# scuff-caspol  --PECPlate  --EPFile  ../EPFile4  --Atom
#  Rb 
#
# data columns:
#1: X (um) 
#2: Y (um) 
#3: Z (um) 
#4: Casimir-polder potential for Rb (neV)
0.000000e+00 0.000000e+00 3.000000e-02 -3.234116e+02 
0.000000e+00 0.000000e+00 3.500000e-02 -1.965194e+02 
0.000000e+00 0.000000e+00 4.000000e-02 -1.273586e+02 
0.000000e+00 0.000000e+00 4.500000e-02 -8.670054e+01 
0.000000e+00 0.000000e+00 5.000000e-02 -6.135892e+01 
0.000000e+00 0.000000e+00 5.500000e-02 -4.481083e+01 
0.000000e+00 0.000000e+00 6.000000e-02 -3.358669e+01 
0.000000e+00 0.000000e+00 6.500000e-02 -2.572953e+01 
0.000000e+00 0.000000e+00 7.000000e-02 -2.008074e+01 
0.000000e+00 0.000000e+00 7.500000e-02 -1.592591e+01 
0.000000e+00 0.000000e+00 8.000000e-02 -1.280895e+01 
