# scuff-caspol running on (null) (05/08/20::20:21:00)
#
# command line:
#
# scuff-caspol  --geometry  PECSlab_2640.scuffgeo  --Atom  Rb
#  --EPFile  EPFile4 
#
# data columns:
#1: X (um) 
#2: Y (um) 
#3: Z (um) 
#4: Casimir-polder potential for Rb (neV)
0.000000e+00 0.000000e+00 3.000000e-02 -3.116931e+02 
0.000000e+00 0.000000e+00 3.000000e-02 -3.116931e+02 
0.000000e+00 0.000000e+00 3.500000e-02 -1.920481e+02 
0.000000e+00 0.000000e+00 4.000000e-02 -1.253709e+02 
0.000000e+00 0.000000e+00 4.500000e-02 -8.568358e+01 
0.000000e+00 0.000000e+00 5.000000e-02 -6.076478e+01 
0.000000e+00 0.000000e+00 5.500000e-02 -4.441804e+01 
0.000000e+00 0.000000e+00 6.000000e-02 -3.329730e+01 
0.000000e+00 0.000000e+00 6.500000e-02 -2.549689e+01 
0.000000e+00 0.000000e+00 7.000000e-02 -1.988124e+01 
0.000000e+00 0.000000e+00 7.500000e-02 -1.574698e+01 
0.000000e+00 0.000000e+00 8.000000e-02 -1.264361e+01 
